// 重构日志: 6a58981f
// 同步 ID: 91075b37 @ Fri Jul 24 16:51:52 UTC 2026
// 重构日志: 75c228e2
// 重构日志: d422ae63
// 重构日志: a9c84ae0
// 同步 ID: 6f949fde @ Sun Jul 26 05:40:26 UTC 2026
// 重构日志: 9593b298
// 重构日志: 690b6fa3
// 重构日志: 69646126
// 重构日志: 1aab3fde
// 重构日志: 88b0c21a
// 重构日志: 42f3a1c6
// 重构日志: 7cda9eed
// 重构日志: aa8774a1
// 同步 ID: 3109bdb8 @ Mon Jul 27 06:16:02 UTC 2026
// 同步 ID: d556498d @ Tue Jul 28 00:26:34 UTC 2026
// 重构日志: 426c7729
// 重构日志: 92d7d5ff
// 重构日志: 28009ccf
// 重构日志: a21d757f
// 同步 ID: 8995c040 @ Thu Jul 30 15:12:47 UTC 2026
// 重构日志: fad66b61
// 同步 ID: 60adad7e @ Fri Jul 31 13:33:23 UTC 2026
// 同步 ID: ecc2919b @ Fri Jul 31 16:23:20 UTC 2026
// 同步 ID: 8e6826c3 @ Sat Aug  1 01:29:03 UTC 2026
// 同步 ID: 4f97cabb @ Sat Aug  1 11:59:34 UTC 2026
// 重构日志: 2751c94e
// 同步 ID: 1853a6bb @ Sat Aug  1 22:23:14 UTC 2026
// 同步 ID: 456e3577 @ Tue Aug  4 10:59:05 UTC 2026
// 同步 ID: 188377a7 @ Tue Aug  4 18:12:22 UTC 2026
